// Jest Snapshot v1, https://goo.gl/fbAQLP

exports[`CardImage snapshot should match 1`] = `
.c2 {
  position: absolute;
  top: 0;
  bottom: 0;
  left: 5%;
  z-index: 10;
}

.c3 {
  position: relative;
  top: calc(20% - 67.88225099390857px / 2);
  display: -webkit-box;
  display: -webkit-flex;
  display: -ms-flexbox;
  display: flex;
  -webkit-box-pack: center;
  -webkit-justify-content: center;
  -ms-flex-pack: center;
  justify-content: center;
  -webkit-align-items: center;
  -webkit-box-align: center;
  -ms-flex-align: center;
  align-items: center;
  width: 67.88225099390857px;
  height: 67.88225099390857px;
}

.c4 {
  position: relative;
  width: 48px;
  height: 48px;
  background-color: #2e8e89;
  -webkit-transform: rotate(45deg);
  -ms-transform: rotate(45deg);
  transform: rotate(45deg);
  z-index: 1;
}

.c5 {
  position: absolute;
  font-weight: 800;
  font-size: .9rem color:#ececec;
  z-index: 10;
}

.c6 {
  position: absolute;
  width: 4px;
  background-color: var(--main-color-text);
  opacity: 0.8;
  z-index: 0;
  top: 0;
  left: 20%;
  height: 20%;
}

.c7 {
  position: absolute;
  width: 4px;
  background-color: var(--main-color-text);
  opacity: 0.8;
  z-index: 0;
  bottom: 0;
  right: 25%;
  height: 80%;
}

.c0 {
  position: relative;
  border-radius: 10px 10px 0 0;
}

.c1 {
  border-radius: 10px 10px 0 0;
}

<div
  className="c0"
>
  <img
    alt="El Camino: A Breaking Bad Movie poster"
    className="c1"
    src=""
  />
  <div
    className="c2"
  >
    <div
      className="c3"
    >
      <div
        className="c4"
      />
      <h5
        className="c5"
      >
        9
      </h5>
    </div>
    <div
      className="c6"
    />
    <div
      className="c7"
    />
  </div>
</div>
`;
