// Jest Snapshot v1, https://goo.gl/fbAQLP

exports[`CardContent snapshot should match 1`] = `
.c0 {
  padding: 2rem 1rem;
  background-color: #323534;
  border-radius: 0 0 10px 10px;
}

.c1 {
  font-weight: 600;
  line-height: 1.5em;
  height: 3em;
  overflow: hidden;
}

<div
  className="c0"
>
  <h4
    className="c1"
  >
    El Camino: A Breaking Bad Movie
  </h4>
  <button
    onClick={[Function]}
  >
    +
  </button>
</div>
`;
