// Jest Snapshot v1, https://goo.gl/fbAQLP

exports[`Card snapshot should match 1`] = `
.c3 {
  position: absolute;
  top: 0;
  bottom: 0;
  left: 5%;
  z-index: 10;
}

.c4 {
  position: relative;
  top: calc(20% - 67.88225099390857px / 2);
  display: -webkit-box;
  display: -webkit-flex;
  display: -ms-flexbox;
  display: flex;
  -webkit-box-pack: center;
  -webkit-justify-content: center;
  -ms-flex-pack: center;
  justify-content: center;
  -webkit-align-items: center;
  -webkit-box-align: center;
  -ms-flex-align: center;
  align-items: center;
  width: 67.88225099390857px;
  height: 67.88225099390857px;
}

.c5 {
  position: relative;
  width: 48px;
  height: 48px;
  background-color: #2e8e89;
  -webkit-transform: rotate(45deg);
  -ms-transform: rotate(45deg);
  transform: rotate(45deg);
  z-index: 1;
}

.c6 {
  position: absolute;
  font-weight: 800;
  font-size: 1.2rem;
  color: #ececec;
  z-index: 10;
}

.c7 {
  position: absolute;
  width: 4px;
  background-color: var(--main-color-text);
  opacity: 0.8;
  z-index: 0;
  top: 0;
  left: 20%;
  height: 20%;
}

.c8 {
  position: absolute;
  width: 4px;
  background-color: var(--main-color-text);
  opacity: 0.8;
  z-index: 0;
  bottom: 0;
  right: 25%;
  height: 80%;
}

.c1 {
  position: relative;
  border-radius: 10px 10px 0 0;
}

.c2 {
  border-radius: 10px 10px 0 0;
}

.c9 {
  padding: 2rem 1rem;
  background-color: #323534;
  border-radius: 0 0 10px 10px;
}

.c10 {
  font-weight: 600;
  font-size: 1.25rem;
  line-height: 1.5em;
  height: 3em;
  overflow: hidden;
}

.c11 {
  display: -webkit-box;
  display: -webkit-flex;
  display: -ms-flexbox;
  display: flex;
  margin-top: 1rem;
}

.c12 {
  font-size: 12px;
  margin-right: 1rem;
}

.c12 span:first-child {
  font-weight: 600;
  margin-right: 8px;
}

.c13 {
  font-size: 12px;
  margin-right: 1rem;
}

.c13 span:first-child {
  font-weight: 600;
  margin-right: 8px;
}

.c0 {
  min-width: 300px;
  margin-right: 4rem;
  box-shadow: 0px 4px 4px rgba(0,0,0,0.25);
  border-radius: 10px;
}

<div
  className="c0"
>
  <div
    className="c1"
  >
    <img
      alt="El Camino: A Breaking Bad Movie poster"
      className="c2"
      src="https://image.tmdb.org/t/p/w500/ePXuKdXZuJx8hHMNr2yM4jY2L7Z.jpg"
    />
    <div
      className="c3"
    >
      <div
        className="c4"
      >
        <div
          className="c5"
          size={48}
        />
        <h5
          className="c6"
        >
          7.2
        </h5>
      </div>
      <div
        className="c7"
      />
      <div
        className="c8"
      />
    </div>
  </div>
  <div
    className="c9"
  >
    <h4
      className="c10"
    >
      El Camino: A Breaking Bad Movie
    </h4>
    <div
      className="c11"
    >
      <div
        className="c12"
      >
        <span>
          Metacritic
        </span>
        <span>
          89
        </span>
      </div>
      <div
        className="c13"
      >
        <span>
          IMDb
        </span>
        <span>
          8.9
        </span>
      </div>
    </div>
  </div>
</div>
`;
