// Jest Snapshot v1, https://goo.gl/fbAQLP

exports[`CardContent snapshot should match 1`] = `
.c0 {
  padding: 2rem 1rem;
  background-color: #323534;
  border-radius: 0 0 10px 10px;
}

.c1 {
  font-weight: 600;
  line-height: 1.5em;
  height: 3em;
  overflow: hidden;
}

.c2 {
  margin-top: 1rem;
}

.c3 {
  font-size: 12px;
  margin-right: 1rem;
}

.c3 span:first-child {
  font-weight: 600;
  margin-right: 8px;
}

.c4 {
  font-size: 12px;
  margin-right: 1rem;
}

.c4 span:first-child {
  font-weight: 600;
  margin-right: 8px;
}

<div
  className="c0"
>
  <h4
    className="c1"
  >
    Title
  </h4>
  <div
    className="c2"
  >
    <div
      className="c3"
    >
      <span>
        Metacritic
      </span>
      <span>
        89
      </span>
    </div>
    <div
      className="c4"
    >
      <span>
        IMDb
      </span>
      <span>
        8.9
      </span>
    </div>
  </div>
</div>
`;
